
====================
epoch 0 | idx 0

====================
Query:
Use the step-by-step method as shown in the examples to answer the question. Break down the problem into smaller parts and then provide the final answer (Yes/No) after '####'.

Example 1:
Q: Karachi was a part of Alexander the Great's success?

A: Karachi is a city in modern day Pakistan.
Krokola was an ancient port located in what is now Karachi.
Alexander the Great stationed his fleet in Krokola on his way to Babylon.
Alexander the Great defeated Darius and conquered Babylon before expanding his 
empire.
#### Yes.

Example 2:
Q: Was P. G. Wodehouse's favorite book The Hunger Games?

A: P. G. Wodehouse died in 1975.
The Hunger Games was published in 2008.
#### No.
IMPORTANT:
- Think step by step.
- The final line must be exactly in the format: #### Yes. or #### No.
- Do not end with anything else after the final answer.
Your Question:
Q: Did Harvey Milk ever run for governor?

A: 
Responses:
['Harvey Milk was a prominent figure in the LGBTQ+ rights movement and served as a member of the San Francisco Board of Supervisors. He is known for his advocacy and political campaigns in the 1970s.', 'Harvey Milk was a prominent gay rights activist and politician in San Francisco. He served on the San Francisco Board of Supervisors. He is known for his efforts to promote LGBTQ rights and for being one of the first openly gay elected officials in the United States.', 'Harvey Milk was an influential gay rights activist and politician in the 1970s.  \nHe served as a member of the San Francisco Board of Supervisors.  \nIn 1976, he ran for the California State Assembly but did not win.  \nIn 1978, a few months before his assassination, he announced plans to run for mayor of San Francisco.  \nHowever, there is no historical record of him running for the governor of California.  \n#### No.', 'Harvey Milk was an influential politician and gay rights activist, primarily known for being one of the first openly gay elected officials in California. \nHe served on the San Francisco Board of Supervisors after being elected in 1977. \nWhile he was actively involved in politics and campaigning for various causes, he never formally ran for governor of California. \nHis political career was cut short when he was assassinated in 1978. \n#### No.']

====================
Query:
Use the step-by-step method as shown in the examples to answer the question. Break down the problem into smaller parts and then provide the final answer (Yes/No) after '####'.

Example 1:
Q: Karachi was a part of Alexander the Great's success?

A: Karachi is a city in modern day Pakistan.
Krokola was an ancient port located in what is now Karachi.
Alexander the Great stationed his fleet in Krokola on his way to Babylon.
Alexander the Great defeated Darius and conquered Babylon before expanding his 
empire.
#### Yes.

Example 2:
Q: Was P. G. Wodehouse's favorite book The Hunger Games?

A: P. G. Wodehouse died in 1975.
The Hunger Games was published in 2008.
#### No.
IMPORTANT:
- Think step by step.
- The final line must be exactly in the format: #### Yes. or #### No.
- Do not end with anything else after the final answer.
Your Question:
Q: Has Oscar Wilde's most famous character ever been in an Eva Green project?

A: 
Responses:
['Oscar Wilde is a famous playwright and author known for his works such as "The Picture of Dorian Gray" and "The Importance of Being Earnest." \nThe most famous character associated with Oscar Wilde is likely Dorian Gray from "The Picture of Dorian Gray."\nEva Green is an actress known for her roles in films and television series, including "Casino Royale" and "Penny Dreadful."\nThere is no known adaptation of "The Picture of Dorian Gray" featuring Eva Green.\nTherefore, it is unlikely that Oscar Wilde\'s most famous character has been in a project with Eva Green.\n#### No.', 'A: Oscar Wilde is known for his play "The Importance of Being Earnest."\nThe most famous character from this play is likely Jack Worthing.\nEva Green is a French actress known for films such as "Casino Royale" and "Penny Dreadful."\nHowever, Jack Worthing, as a character from a Victorian play, does not appear in any film or project led by Eva Green.\n#### No.', 'Oscar Wilde\'s most famous character is likely Dorian Gray from "The Picture of Dorian Gray."  \nEva Green starred in the film adaptation of "The Picture of Dorian Gray" released in 2004.  \nIn this film, she played the character Sibyl Vane, who is central to Dorian Gray\'s story.  \nThus, Dorian Gray, as created by Oscar Wilde, has been represented in a project featuring Eva Green.  \n#### Yes.', 'A: Oscar Wilde is known for his play "The Importance of Being Earnest," which features the character Jack Worthing. \nEva Green is an actress known for her roles in various films and television projects. \nAfter researching Eva Green\'s filmography, there is no record of her ever portraying Jack Worthing or being involved in a project directly related to that character. \nTherefore, it can be concluded that Jack Worthing has not appeared in any of Eva Green\'s projects. \n#### No.']

====================
Query:
Use the step-by-step method as shown in the examples to answer the question. Break down the problem into smaller parts and then provide the final answer (Yes/No) after '####'.

Example 1:
Q: Karachi was a part of Alexander the Great's success?

A: Karachi is a city in modern day Pakistan.
Krokola was an ancient port located in what is now Karachi.
Alexander the Great stationed his fleet in Krokola on his way to Babylon.
Alexander the Great defeated Darius and conquered Babylon before expanding his 
empire.
#### Yes.

Example 2:
Q: Was P. G. Wodehouse's favorite book The Hunger Games?

A: P. G. Wodehouse died in 1975.
The Hunger Games was published in 2008.
#### No.
IMPORTANT:
- Think step by step.
- The final line must be exactly in the format: #### Yes. or #### No.
- Do not end with anything else after the final answer.
Your Question:
Q: Would you spend less on your food at Aldi than at Whole Foods?

A: 
Responses:
['A: Aldi is known for its low prices and discount grocery model. \nWhole Foods is often associated with higher prices and premium products. \nMany consumers report that shopping at Aldi generally leads to spending less on groceries compared to shopping at Whole Foods. \nVarious price comparisons indicate that Aldi offers similar products for a lower cost than Whole Foods. \n#### Yes.', 'A: Aldi is known for its low prices and no-frills approach to grocery shopping.\nWhole Foods is known for its high-quality organic products and often has higher prices.\nTypically, consumers find that grocery bills are lower at Aldi compared to Whole Foods.\nTherefore, one would generally spend less on food at Aldi than at Whole Foods.\n#### Yes.', 'A: Aldi is known for its low prices and discount grocery model. \nWhole Foods is positioned as a premium grocery store with higher quality and organic products.\nTypically, customers find that groceries at Aldi are significantly cheaper compared to those at Whole Foods.\nMany studies and consumer reports indicate that spending at Aldi is lower for similar items than at Whole Foods.\n#### Yes.', 'A: Aldi is known for its lower prices and offers a variety of grocery items at discounted rates.\nWhole Foods is often associated with higher prices due to its focus on organic and premium products.\nOn average, shoppers find that their grocery bills are significantly lower at Aldi compared to Whole Foods.\nTherefore, it is likely that one would spend less on food at Aldi than at Whole Foods. \n#### Yes.']
