
====================
epoch 1 | idx 0

====================

pos_len: 126
neg_len: 113

Q: Does taking ukemi halt kinetic energy?

A: "Taking ukemi" refers to the art of falling or receiving in martial arts (Label: 1.0)

--------------------

Q: Does taking ukemi halt kinetic energy?

A: "Taking ukemi" refers to the art of falling or receiving in martial arts
Taking ukemi usually requires the person doing it to move their body in a way that minimizes injury, and so it uses kinetic energy (Label: 1.0)

--------------------

Q: Does taking ukemi halt kinetic energy?

A: "Taking ukemi" refers to the art of falling or receiving in martial arts
Taking ukemi usually requires the person doing it to move their body in a way that minimizes injury, and so it uses kinetic energy
#### No. (Label: 1.0)

--------------------

Q: Would the Cookie Monster decline an offer of free Keebler products?

A: The Cookie Monster has an enormous appetite and craving for cookies. (Label: 1.0)

--------------------

Q: Would the Cookie Monster decline an offer of free Keebler products?

A: The Cookie Monster has an enormous appetite and craving for cookies.
The Keebler Company is an American cookie and cracker manufacturer. (Label: 1.0)

--------------------

Q: Would the Cookie Monster decline an offer of free Keebler products?

A: The Cookie Monster has an enormous appetite and craving for cookies.
The Keebler Company is an American cookie and cracker manufacturer.
#### No. (Label: 1.0)

--------------------

Q: Were paparazzi involved in the death of a member of the royal family?

A: Diana Spencer was being pursued by paparazzi when her vehicle was involved in a fatal accident. (Label: 1.0)

--------------------

Q: Were paparazzi involved in the death of a member of the royal family?

A: Diana Spencer was being pursued by paparazzi when her vehicle was involved in a fatal accident.
Diana Spencer was known as 'Princess Diana' and was the Princess of Wales. (Label: 1.0)

--------------------

Q: Were paparazzi involved in the death of a member of the royal family?

A: Diana Spencer was being pursued by paparazzi when her vehicle was involved in a fatal accident.
Diana Spencer was known as 'Princess Diana' and was the Princess of Wales.
#### Yes. (Label: 1.0)

--------------------

Q: Karachi was a part of Alexander the Great's success?

A: Karachi is a city in modern day Pakistan. (Label: 1.0)

--------------------

Q: Karachi was a part of Alexander the Great's success?

A: Karachi is a city in modern day Pakistan.
Krokola was an ancient port located in what is now Karachi. (Label: 1.0)

--------------------

Q: Karachi was a part of Alexander the Great's success?

A: Karachi is a city in modern day Pakistan.
Krokola was an ancient port located in what is now Karachi.
Alexander the Great stationed his fleet in Krokola on his way to Babylon. (Label: 1.0)

--------------------

Q: Karachi was a part of Alexander the Great's success?

A: Karachi is a city in modern day Pakistan.
Krokola was an ancient port located in what is now Karachi.
Alexander the Great stationed his fleet in Krokola on his way to Babylon.
Alexander the Great defeated Darius and conquered Babylon before expanding his empire. (Label: 1.0)

--------------------

Q: Karachi was a part of Alexander the Great's success?

A: Karachi is a city in modern day Pakistan.
Krokola was an ancient port located in what is now Karachi.
Alexander the Great stationed his fleet in Krokola on his way to Babylon.
Alexander the Great defeated Darius and conquered Babylon before expanding his empire.
#### Yes. (Label: 1.0)

--------------------

Q: Could the Dominican Order hypothetically defeat Blessed Gerard's order?

A: The Dominican Order is a Catholic group of friars that several priestly vows. (Label: 1.0)

--------------------

Q: Could the Dominican Order hypothetically defeat Blessed Gerard's order?

A: The Dominican Order is a Catholic group of friars that several priestly vows.
Blessed Gerard was the founder of the Order of St John of Jerusalem (Knights Hospitaller). (Label: 1.0)

--------------------

Q: Could the Dominican Order hypothetically defeat Blessed Gerard's order?

A: The Dominican Order is a Catholic group of friars that several priestly vows.
Blessed Gerard was the founder of the Order of St John of Jerusalem (Knights Hospitaller).
 The Order of St John of Jerusalem (Knights Hospitaller) were a well trained Catholic military order that fought in the Crusades. (Label: 1.0)

--------------------

Q: Could the Dominican Order hypothetically defeat Blessed Gerard's order?

A: The Dominican Order is a Catholic group of friars that several priestly vows.
Blessed Gerard was the founder of the Order of St John of Jerusalem (Knights Hospitaller).
 The Order of St John of Jerusalem (Knights Hospitaller) were a well trained Catholic military order that fought in the Crusades.
#### No. (Label: 1.0)

--------------------

Q: Could someone with fine motor control issues benefit from an altered keyboard layout?

A: Fine motor control involves making small, precise movements like painting or typing.  (Label: 1.0)

--------------------

Q: Could someone with fine motor control issues benefit from an altered keyboard layout?

A: Fine motor control involves making small, precise movements like painting or typing. 
The standard keyboard layout is designed to be used by someone without any motor control issues. (Label: 1.0)

--------------------

Q: Could someone with fine motor control issues benefit from an altered keyboard layout?

A: Fine motor control involves making small, precise movements like painting or typing. 
The standard keyboard layout is designed to be used by someone without any motor control issues.
There are modified keyboards for multiple types of disability. (Label: 1.0)

--------------------

Q: Could someone with fine motor control issues benefit from an altered keyboard layout?

A: Fine motor control involves making small, precise movements like painting or typing. 
The standard keyboard layout is designed to be used by someone without any motor control issues.
There are modified keyboards for multiple types of disability.
#### Yes. (Label: 1.0)

--------------------

Q: Was Mother Theresa a follower of atheism?

A: Mother Theresa was a Catholic nun. (Label: 1.0)

--------------------

Q: Was Mother Theresa a follower of atheism?

A: Mother Theresa was a Catholic nun.
Atheism is the absence of belief in a diety. (Label: 1.0)

--------------------

Q: Was Mother Theresa a follower of atheism?

A: Mother Theresa was a Catholic nun.
Atheism is the absence of belief in a diety.
Catholics believe in the Holy Trinity, which is a representation of God. (Label: 1.0)

--------------------

Q: Was Mother Theresa a follower of atheism?

A: Mother Theresa was a Catholic nun.
Atheism is the absence of belief in a diety.
Catholics believe in the Holy Trinity, which is a representation of God.
#### No. (Label: 1.0)

--------------------

Q: Are all types of pottery safe to cook in?

A: Some types of pottery glaze are unsafe for contact with food meant for human consumption.  (Label: 1.0)

--------------------

Q: Are all types of pottery safe to cook in?

A: Some types of pottery glaze are unsafe for contact with food meant for human consumption. 
Antique pottery pieces may have hazardous levels of lead in them. (Label: 1.0)

--------------------

Q: Are all types of pottery safe to cook in?

A: Some types of pottery glaze are unsafe for contact with food meant for human consumption. 
Antique pottery pieces may have hazardous levels of lead in them.
#### No. (Label: 1.0)

--------------------

Q: Is Edgar Allan Poe obscure in the world of horror fiction?

A: Edgar Allan Poe's writing has endured for over 150 years.  (Label: 1.0)

--------------------

Q: Is Edgar Allan Poe obscure in the world of horror fiction?

A: Edgar Allan Poe's writing has endured for over 150 years. 
Edgar Allan Poe's horror writing has been included in classroom curriculum for decades.   (Label: 1.0)

--------------------

Q: Is Edgar Allan Poe obscure in the world of horror fiction?

A: Edgar Allan Poe's writing has endured for over 150 years. 
Edgar Allan Poe's horror writing has been included in classroom curriculum for decades.  
#### No. (Label: 1.0)

--------------------

Q: Are rainbows devoid of color made by mixing yin and yang colors?

A: Yin and Yang are a philosophical Chinese concept represented by the color black and white. (Label: 1.0)

--------------------

Q: Are rainbows devoid of color made by mixing yin and yang colors?

A: Yin and Yang are a philosophical Chinese concept represented by the color black and white.
Black and white when mixed together create the color gray. (Label: 1.0)

--------------------

Q: Are rainbows devoid of color made by mixing yin and yang colors?

A: Yin and Yang are a philosophical Chinese concept represented by the color black and white.
Black and white when mixed together create the color gray.
The rainbow contains the colors: red, orange, yellow, green, blue, indigo and violet. (Label: 1.0)

--------------------

Q: Are rainbows devoid of color made by mixing yin and yang colors?

A: Yin and Yang are a philosophical Chinese concept represented by the color black and white.
Black and white when mixed together create the color gray.
The rainbow contains the colors: red, orange, yellow, green, blue, indigo and violet.
#### Yes. (Label: 1.0)

--------------------

Q: Could a cow produce Harvey Milk?

A: Harvey Milk was a human being. (Label: 1.0)

--------------------

Q: Could a cow produce Harvey Milk?

A: Harvey Milk was a human being.
Cows are not human beings. (Label: 1.0)

--------------------

Q: Could a cow produce Harvey Milk?

A: Harvey Milk was a human being.
Cows are not human beings.
Only human beings can produce offspring which are also human beings. (Label: 1.0)

--------------------

Q: Could a cow produce Harvey Milk?

A: Harvey Milk was a human being.
Cows are not human beings.
Only human beings can produce offspring which are also human beings.
#### No. (Label: 1.0)

--------------------

Q: Can a woman on average have a baby before wheat seed blooms?

A: The average time it takes for a woman to give birth is 9 months. (Label: 1.0)

--------------------

Q: Can a woman on average have a baby before wheat seed blooms?

A: The average time it takes for a woman to give birth is 9 months.
Wheat takes between 7 to 8 months to harvest. (Label: 1.0)

--------------------

Q: Can a woman on average have a baby before wheat seed blooms?

A: The average time it takes for a woman to give birth is 9 months.
Wheat takes between 7 to 8 months to harvest.
#### No. (Label: 1.0)

--------------------

Q: Would Felicity Huffman vote for Mike DeWine?

A: Mike DeWine is Governor of Ohio (Label: 1.0)

--------------------

Q: Would Felicity Huffman vote for Mike DeWine?

A: Mike DeWine is Governor of Ohio
Felicity Huffman is a resident of California (Label: 1.0)

--------------------

Q: Would Felicity Huffman vote for Mike DeWine?

A: Mike DeWine is Governor of Ohio
Felicity Huffman is a resident of California
#### No. (Label: 1.0)

--------------------

Q: Would it be common to find a penguin in Miami?

A: Penguins are native to the deep, very cold parts of the southern hemisphere. (Label: 1.0)

--------------------

Q: Would it be common to find a penguin in Miami?

A: Penguins are native to the deep, very cold parts of the southern hemisphere.
Miami is located in the northern hemisphere and has a very warm climate. (Label: 1.0)

--------------------

Q: Would it be common to find a penguin in Miami?

A: Penguins are native to the deep, very cold parts of the southern hemisphere.
Miami is located in the northern hemisphere and has a very warm climate.
#### No. (Label: 1.0)

--------------------

Q: Is sunscreen unhelpful for the condition that killed Bob Marley?

A: Bob Marley died of acral lentiginous melanoma  (Label: 1.0)

--------------------

Q: Is sunscreen unhelpful for the condition that killed Bob Marley?

A: Bob Marley died of acral lentiginous melanoma 
Acral lentiginous melanoma occurs on skin that may not have any sun exposure  (Label: 1.0)

--------------------

Q: Is sunscreen unhelpful for the condition that killed Bob Marley?

A: Bob Marley died of acral lentiginous melanoma 
Acral lentiginous melanoma occurs on skin that may not have any sun exposure 
#### Yes. (Label: 1.0)

--------------------

Q: Was P. G. Wodehouse's favorite book The Hunger Games?

A: P. G. Wodehouse died in 1975. (Label: 1.0)

--------------------

Q: Was P. G. Wodehouse's favorite book The Hunger Games?

A: P. G. Wodehouse died in 1975.
The Hunger Games was published in 2008. (Label: 1.0)

--------------------

Q: Was P. G. Wodehouse's favorite book The Hunger Games?

A: P. G. Wodehouse died in 1975.
The Hunger Games was published in 2008.
#### No. (Label: 1.0)

--------------------

Q: Does Alec Baldwin have more children than Clint Eastwood?

A: Alec Baldwin has 5 children as of 2020. (Label: 1.0)

--------------------

Q: Does Alec Baldwin have more children than Clint Eastwood?

A: Alec Baldwin has 5 children as of 2020.
Actor Clint Eastwood has 7 children as of 2020. (Label: 1.0)

--------------------

Q: Does Alec Baldwin have more children than Clint Eastwood?

A: Alec Baldwin has 5 children as of 2020.
Actor Clint Eastwood has 7 children as of 2020.
#### No. (Label: 1.0)

--------------------

Q: Does Capricorn astrology symbol have all of the parts of a chimera?

A: The Capricorn astrology symbol is a sea goat which consists of: a goat, and a fish. (Label: 1.0)

--------------------

Q: Does Capricorn astrology symbol have all of the parts of a chimera?

A: The Capricorn astrology symbol is a sea goat which consists of: a goat, and a fish.
A chimera is a legendary beast that is made up of: a lion, a goat, and a snake. (Label: 1.0)

--------------------

Q: Does Capricorn astrology symbol have all of the parts of a chimera?

A: The Capricorn astrology symbol is a sea goat which consists of: a goat, and a fish.
A chimera is a legendary beast that is made up of: a lion, a goat, and a snake.
#### No. (Label: 1.0)

--------------------

Q: Can a strawberry get worms similar to dogs?

A: Strawberry can suffer from black root rot and nematodes. (Label: 1.0)

--------------------

Q: Can a strawberry get worms similar to dogs?

A: Strawberry can suffer from black root rot and nematodes.
Dogs can suffer from a variety of worms including roundworms that lay eggs on them. (Label: 1.0)

--------------------

Q: Can a strawberry get worms similar to dogs?

A: Strawberry can suffer from black root rot and nematodes.
Dogs can suffer from a variety of worms including roundworms that lay eggs on them.
Nematodes are parasites that are also called roundworms and ascarids. (Label: 1.0)

--------------------

Q: Can a strawberry get worms similar to dogs?

A: Strawberry can suffer from black root rot and nematodes.
Dogs can suffer from a variety of worms including roundworms that lay eggs on them.
Nematodes are parasites that are also called roundworms and ascarids.
Nematodes are parasites that feed off of strawberry plants. (Label: 1.0)

--------------------

Q: Can a strawberry get worms similar to dogs?

A: Strawberry can suffer from black root rot and nematodes.
Dogs can suffer from a variety of worms including roundworms that lay eggs on them.
Nematodes are parasites that are also called roundworms and ascarids.
Nematodes are parasites that feed off of strawberry plants.
#### Yes. (Label: 1.0)

--------------------

Q: Can a sea turtle play tennis using a tennis racket?

A: to play tennis, a human-like hand is needed to properly hold the tennis racket (Label: 1.0)

--------------------

Q: Can a sea turtle play tennis using a tennis racket?

A: to play tennis, a human-like hand is needed to properly hold the tennis racket
sea turtles have flippers and not human-like hands (Label: 1.0)

--------------------

Q: Can a sea turtle play tennis using a tennis racket?

A: to play tennis, a human-like hand is needed to properly hold the tennis racket
sea turtles have flippers and not human-like hands
#### No. (Label: 1.0)

--------------------

Q: Would the average American family find Adam Sandler's home to be too small?

A: The average American family has about 3 people in it. (Label: 1.0)

--------------------

Q: Would the average American family find Adam Sandler's home to be too small?

A: The average American family has about 3 people in it.
Adam Sandler's home has 14 bedrooms and 7 bathrooms. (Label: 1.0)

--------------------

Q: Would the average American family find Adam Sandler's home to be too small?

A: The average American family has about 3 people in it.
Adam Sandler's home has 14 bedrooms and 7 bathrooms.
#### No. (Label: 1.0)

--------------------

Q: Would a packed Wembley stadium be likely to have a descendant of the Mongols inside?

A: Wembley stadium has a capacity of 90,000 people. (Label: 1.0)

--------------------

Q: Would a packed Wembley stadium be likely to have a descendant of the Mongols inside?

A: Wembley stadium has a capacity of 90,000 people.
The Mongols were an ethnic group that dominated the 13th and 14th centuries. (Label: 1.0)

--------------------

Q: Would a packed Wembley stadium be likely to have a descendant of the Mongols inside?

A: Wembley stadium has a capacity of 90,000 people.
The Mongols were an ethnic group that dominated the 13th and 14th centuries.
Genghis Khan was the founder of the Mongol Empire. (Label: 1.0)

--------------------

Q: Would a packed Wembley stadium be likely to have a descendant of the Mongols inside?

A: Wembley stadium has a capacity of 90,000 people.
The Mongols were an ethnic group that dominated the 13th and 14th centuries.
Genghis Khan was the founder of the Mongol Empire.
Geneticists have determined that 1 in every 200 men are descended from Genghis Khan. (Label: 1.0)

--------------------

Q: Would a packed Wembley stadium be likely to have a descendant of the Mongols inside?

A: Wembley stadium has a capacity of 90,000 people.
The Mongols were an ethnic group that dominated the 13th and 14th centuries.
Genghis Khan was the founder of the Mongol Empire.
Geneticists have determined that 1 in every 200 men are descended from Genghis Khan.
#### Yes. (Label: 1.0)

--------------------

Q: Would you spend less on your food at Aldi than at Whole Foods?

A: Whole Foods is known for costing 10-20% more than other stores. (Label: 1.0)

--------------------

Q: Would you spend less on your food at Aldi than at Whole Foods?

A: Whole Foods is known for costing 10-20% more than other stores.
Aldi is known for having deeply discounted food and home supplies. (Label: 1.0)

--------------------

Q: Would you spend less on your food at Aldi than at Whole Foods?

A: Whole Foods is known for costing 10-20% more than other stores.
Aldi is known for having deeply discounted food and home supplies.
#### Yes. (Label: 1.0)

--------------------

Q: Did Francois Mitterrand ever meet Barak Obama while they both held the position of President?

A: Mitterand was President of France from 1981 through 1995. (Label: 1.0)

--------------------

Q: Did Francois Mitterrand ever meet Barak Obama while they both held the position of President?

A: Mitterand was President of France from 1981 through 1995.
Obama was President of the United States from 2009 to 2017 (Label: 1.0)

--------------------

Q: Did Francois Mitterrand ever meet Barak Obama while they both held the position of President?

A: Mitterand was President of France from 1981 through 1995.
Obama was President of the United States from 2009 to 2017
#### No. (Label: 1.0)

--------------------

Q: Can you watch Rick and Morty in Mariana Trench?

A: Rick and Morty is available in blu-ray format. (Label: 1.0)

--------------------

Q: Can you watch Rick and Morty in Mariana Trench?

A: Rick and Morty is available in blu-ray format.
You can play blu-ray on a laptop computer  (Label: 1.0)

--------------------

Q: Can you watch Rick and Morty in Mariana Trench?

A: Rick and Morty is available in blu-ray format.
You can play blu-ray on a laptop computer 
It is possible to go to Mariana Trench inside a deep-diving submersible vehicle with a laptop. (Label: 1.0)

--------------------

Q: Can you watch Rick and Morty in Mariana Trench?

A: Rick and Morty is available in blu-ray format.
You can play blu-ray on a laptop computer 
It is possible to go to Mariana Trench inside a deep-diving submersible vehicle with a laptop.
#### Yes. (Label: 1.0)

--------------------

Q: Did Easy Rider make a profit at the theater when it was released?

A: Easy Rider had a filming budget of about half a million dollars. (Label: 1.0)

--------------------

Q: Did Easy Rider make a profit at the theater when it was released?

A: Easy Rider had a filming budget of about half a million dollars.
Upon release in 1969, it earned about 60 million dollars. (Label: 1.0)

--------------------

Q: Did Easy Rider make a profit at the theater when it was released?

A: Easy Rider had a filming budget of about half a million dollars.
Upon release in 1969, it earned about 60 million dollars.
#### Yes. (Label: 1.0)

--------------------

Q: Can sunlight travel to the deepest part of the Black Sea?

A: The Black Sea has a maximum depth of 2,212 meters (Label: 1.0)

--------------------

Q: Can sunlight travel to the deepest part of the Black Sea?

A: The Black Sea has a maximum depth of 2,212 meters
Sunlight does not penetrate water below 1000 meters (Label: 1.0)

--------------------

Q: Can sunlight travel to the deepest part of the Black Sea?

A: The Black Sea has a maximum depth of 2,212 meters
Sunlight does not penetrate water below 1000 meters
#### No. (Label: 1.0)

--------------------

Q: Has Oscar Wilde's most famous character ever been in an Eva Green project?

A: Oscar Wilde is most famous for his book The Picture of Dorian Gray. (Label: 1.0)

--------------------

Q: Has Oscar Wilde's most famous character ever been in an Eva Green project?

A: Oscar Wilde is most famous for his book The Picture of Dorian Gray.
Dorian Gray is a beautiful socialite that is the main character of The Picture of Dorian Gray. (Label: 1.0)

--------------------

Q: Has Oscar Wilde's most famous character ever been in an Eva Green project?

A: Oscar Wilde is most famous for his book The Picture of Dorian Gray.
Dorian Gray is a beautiful socialite that is the main character of The Picture of Dorian Gray.
Acclaimed actress, Eva Green has starred in numerous films and TV shows including Penny Dreadful. (Label: 1.0)

--------------------

Q: Has Oscar Wilde's most famous character ever been in an Eva Green project?

A: Oscar Wilde is most famous for his book The Picture of Dorian Gray.
Dorian Gray is a beautiful socialite that is the main character of The Picture of Dorian Gray.
Acclaimed actress, Eva Green has starred in numerous films and TV shows including Penny Dreadful.
Dorian Gray flirts with Vanessa Ives in the Penny Dreadful episode, Seance. (Label: 1.0)

--------------------

Q: Has Oscar Wilde's most famous character ever been in an Eva Green project?

A: Oscar Wilde is most famous for his book The Picture of Dorian Gray.
Dorian Gray is a beautiful socialite that is the main character of The Picture of Dorian Gray.
Acclaimed actress, Eva Green has starred in numerous films and TV shows including Penny Dreadful.
Dorian Gray flirts with Vanessa Ives in the Penny Dreadful episode, Seance.
Vanessa Ives is played by Eva Green. (Label: 1.0)

--------------------

Q: Has Oscar Wilde's most famous character ever been in an Eva Green project?

A: Oscar Wilde is most famous for his book The Picture of Dorian Gray.
Dorian Gray is a beautiful socialite that is the main character of The Picture of Dorian Gray.
Acclaimed actress, Eva Green has starred in numerous films and TV shows including Penny Dreadful.
Dorian Gray flirts with Vanessa Ives in the Penny Dreadful episode, Seance.
Vanessa Ives is played by Eva Green.
#### Yes. (Label: 1.0)

--------------------

Q: Has Elon Musk's hairline changed?

A: When Elon Musk was much younger, he was clearly balding. (Label: 1.0)

--------------------

Q: Has Elon Musk's hairline changed?

A: When Elon Musk was much younger, he was clearly balding.
Elon Musk does not show any signs of balding as of 2020. (Label: 1.0)

--------------------

Q: Has Elon Musk's hairline changed?

A: When Elon Musk was much younger, he was clearly balding.
Elon Musk does not show any signs of balding as of 2020.
#### Yes. (Label: 1.0)

--------------------

Q: Do depressed people travel to the Golden Gate Bridge often?

A: The Golden Gate Bridge is one of the most popular suicide spots in the USA. (Label: 1.0)

--------------------

Q: Do depressed people travel to the Golden Gate Bridge often?

A: The Golden Gate Bridge is one of the most popular suicide spots in the USA.
Suicide is often caused by severe depression. (Label: 1.0)

--------------------

Q: Do depressed people travel to the Golden Gate Bridge often?

A: The Golden Gate Bridge is one of the most popular suicide spots in the USA.
Suicide is often caused by severe depression.
#### Yes. (Label: 1.0)

--------------------

Q: Could a markhor give birth three times in a single year?

A: The gestation period of a markhor lasts 135–170 days. (Label: 1.0)

--------------------

Q: Could a markhor give birth three times in a single year?

A: The gestation period of a markhor lasts 135–170 days.
There are 365 days in a year. (Label: 1.0)

--------------------

Q: Could a markhor give birth three times in a single year?

A: The gestation period of a markhor lasts 135–170 days.
There are 365 days in a year.
#### No. (Label: 1.0)

--------------------

Q: Will Tokyo Tower be repainted only once during President Trump's first term?

A: Tokyo Tower is repainted every five years  (Label: 1.0)

--------------------

Q: Will Tokyo Tower be repainted only once during President Trump's first term?

A: Tokyo Tower is repainted every five years 
The last repainting began in 2018 (Label: 1.0)

--------------------

Q: Will Tokyo Tower be repainted only once during President Trump's first term?

A: Tokyo Tower is repainted every five years 
The last repainting began in 2018
Trump's first presidential term is from 2017 to 2021 (Label: 1.0)

--------------------

Q: Will Tokyo Tower be repainted only once during President Trump's first term?

A: Tokyo Tower is repainted every five years 
The last repainting began in 2018
Trump's first presidential term is from 2017 to 2021
#### Yes. (Label: 1.0)

--------------------

Q: Could the Dominican Order hypothetically defeat Blessed Gerard's order?

A: The Dominican Order is a Catholic religious order founded in the early 13th century, known for its emphasis on preaching and teaching.
The Order of Blessed Gerard, also known as the Knights Hospitaller, was established in the 11th century to provide care for sick and injured pilgrims in the Holy Land.
The Dominican Order and the Knights Hospitaller have different missions and historical contexts.
#### No. (Label: 1.0)

--------------------

Q: Was Mother Theresa a follower of atheism?

A: Mother Teresa was a Roman Catholic nun and missionary.
She dedicated her life to serving the poor and sick, following the teachings of Christianity.
She was known for her strong faith and belief in God.
#### No. (Label: 1.0)

--------------------

Q: Are all types of pottery safe to cook in?

A: A: Pottery can be made from various materials, including earthenware, stoneware, and porcelain.
Different types of pottery have different properties and safety standards.
Some pottery is specifically designed for cooking and is safe to use in ovens and microwaves, while others may contain harmful materials or glazes that can leach into food when heated.
#### No. (Label: 1.0)

--------------------

Q: Could a cow produce Harvey Milk?

A: A: Harvey Milk was a prominent gay rights activist and politician who served on the San Francisco Board of Supervisors.
A: Harvey Milk is not a product that can be produced; he was a human being.
A: Cows are animals that produce milk, which is a dairy product.
#### No. (Label: 1.0)

--------------------

Q: Can a woman on average have a baby before wheat seed blooms?

A: A: The average human gestation period for a woman is about 9 months (approximately 40 weeks).
Wheat typically takes about 4 to 6 months to grow from seed to harvest, depending on the variety and growing conditions.
To determine if a woman can have a baby before wheat seed blooms, we need to compare the average gestation period of a woman with the growth period of wheat.
#### No. (Label: 1.0)

--------------------

Q: Would Felicity Huffman vote for Mike DeWine?

A: Felicity Huffman is an American actress known for her work in television and film.
Felicity Huffman is known for her political views, but there is no public record of her endorsing or voting for specific candidates like Mike DeWine.
Mike DeWine is a Republican politician and the current governor of Ohio.
#### No. (Label: 1.0)

--------------------

Q: Would it be common to find a penguin in Miami?

A: A: Penguins are primarily found in the Southern Hemisphere, especially in Antarctica and surrounding islands.
Most species of penguins are adapted to cold climates and are not native to tropical regions.
In Miami, the climate is tropical and warm, which is not suitable for penguins.
#### No. (Label: 1.0)

--------------------

Q: Was P. G. Wodehouse's favorite book The Hunger Games?

A: P.
G.
Wodehouse was a British author known for his humorous novels and stories.
#### No. (Label: 1.0)

--------------------

Q: Does Capricorn astrology symbol have all of the parts of a chimera?

A: Capricorn is represented by a sea-goat, which is a creature with the front half of a goat and the tail of a fish.
A: A chimera is a mythological creature that typically has parts from multiple animals, often depicted with a lion's head, a goat's body, and a serpent's tail.
A: The sea-goat, representing Capricorn, does not include all the parts of a chimera.
#### No. (Label: 1.0)

--------------------

Q: Can a sea turtle play tennis using a tennis racket?

A: A: Sea turtles are marine reptiles that live in the ocean.
Sea turtles do not have the physical capability to hold or use a tennis racket.
They lack the necessary limbs and dexterity to manipulate objects like humans do.
#### No. (Label: 1.0)

--------------------

Q: Did Francois Mitterrand ever meet Barak Obama while they both held the position of President?

A: Francois Mitterrand was the President of France from 1981 to 1995.
Barack Obama was the President of the United States from 2009 to 2017.
Francois Mitterrand's presidency ended in 1995, while Barack Obama's presidency began in 2009. Therefore, they were never in office at the same time.
#### No. (Label: 1.0)

--------------------

Q: Did Easy Rider make a profit at the theater when it was released?

A: Easy Rider was released in 1969.
Easy Rider was produced on a budget of approximately $400,000.
Easy Rider grossed over $60 million at the box office during its theatrical run.
#### Yes. (Label: 1.0)

--------------------

Q: Could a markhor give birth three times in a single year?

A: A: The markhor is a species of wild goat found in Central Asia and the Himalayas.
The markhor typically has a gestation period of about 5 to 6 months.
The markhor usually gives birth to one kid at a time.
#### No. (Label: 1.0)

--------------------

Q: Will Tokyo Tower be repainted only once during President Trump's first term?

A: Tokyo Tower is a communications and observation tower located in Tokyo, Japan.
Tokyo Tower was completed in 1958 and has undergone several repainting processes since then.
Repainting of Tokyo Tower is typically done every five years to maintain its appearance and protect it from the elements.
#### Yes. (Label: 1.0)

--------------------

Q: Does taking ukemi halt kinetic energy?

A: Ukemi is a Japanese term that refers to the practice of falling safely in martial arts. (Label: -1.0)

--------------------

Q: Does taking ukemi halt kinetic energy?

A: Ukemi is a Japanese term that refers to the practice of falling safely in martial arts.
Ukemi involves techniques that allow a practitioner to absorb and dissipate the energy from a fall. (Label: -1.0)

--------------------

Q: Does taking ukemi halt kinetic energy?

A: Ukemi is a Japanese term that refers to the practice of falling safely in martial arts.
Ukemi involves techniques that allow a practitioner to absorb and dissipate the energy from a fall.
When a practitioner performs ukemi, they use specific movements to roll or break their fall, which helps to reduce the impact and transfer of kinetic energy. (Label: -1.0)

--------------------

Q: Does taking ukemi halt kinetic energy?

A: Ukemi is a Japanese term that refers to the practice of falling safely in martial arts.
Ukemi involves techniques that allow a practitioner to absorb and dissipate the energy from a fall.
When a practitioner performs ukemi, they use specific movements to roll or break their fall, which helps to reduce the impact and transfer of kinetic energy.
#### Yes. (Label: -1.0)

--------------------

Q: Would the Cookie Monster decline an offer of free Keebler products?

A: The Cookie Monster is a character from the children's television show "Sesame Street."  . (Label: -1.0)

--------------------

Q: Would the Cookie Monster decline an offer of free Keebler products?

A: The Cookie Monster is a character from the children's television show "Sesame Street."  .
The Cookie Monster is known for his love of cookies and treats. (Label: -1.0)

--------------------

Q: Would the Cookie Monster decline an offer of free Keebler products?

A: The Cookie Monster is a character from the children's television show "Sesame Street."  .
The Cookie Monster is known for his love of cookies and treats.
He is often depicted as being very enthusiastic about eating cookies. (Label: -1.0)

--------------------

Q: Would the Cookie Monster decline an offer of free Keebler products?

A: The Cookie Monster is a character from the children's television show "Sesame Street."  .
The Cookie Monster is known for his love of cookies and treats.
He is often depicted as being very enthusiastic about eating cookies.
#### Yes. (Label: -1.0)

--------------------

Q: Were paparazzi involved in the death of a member of the royal family?

A: A: The term "paparazzi" refers to photographers who take candid pictures of celebrities and public figures, often in intrusive ways. (Label: -1.0)

--------------------

Q: Were paparazzi involved in the death of a member of the royal family?

A: A: The term "paparazzi" refers to photographers who take candid pictures of celebrities and public figures, often in intrusive ways.
Paparazzi have been known to follow and photograph members of the royal family, sometimes leading to dangerous situations. (Label: -1.0)

--------------------

Q: Were paparazzi involved in the death of a member of the royal family?

A: A: The term "paparazzi" refers to photographers who take candid pictures of celebrities and public figures, often in intrusive ways.
Paparazzi have been known to follow and photograph members of the royal family, sometimes leading to dangerous situations.
In 1997, Princess Diana, a member of the British royal family, died in a car crash in Paris. (Label: -1.0)

--------------------

Q: Were paparazzi involved in the death of a member of the royal family?

A: A: The term "paparazzi" refers to photographers who take candid pictures of celebrities and public figures, often in intrusive ways.
Paparazzi have been known to follow and photograph members of the royal family, sometimes leading to dangerous situations.
In 1997, Princess Diana, a member of the British royal family, died in a car crash in Paris.
#### No. (Label: -1.0)

--------------------

Q: Karachi was a part of Alexander the Great's success?

A: Karachi is a city in modern-day Pakistan. (Label: -1.0)

--------------------

Q: Karachi was a part of Alexander the Great's success?

A: Karachi is a city in modern-day Pakistan.
Krokola was an ancient port located in what is now Karachi. (Label: -1.0)

--------------------

Q: Karachi was a part of Alexander the Great's success?

A: Karachi is a city in modern-day Pakistan.
Krokola was an ancient port located in what is now Karachi.
Alexander the Great stationed his fleet in Krokola on his way to Babylon. (Label: -1.0)

--------------------

Q: Karachi was a part of Alexander the Great's success?

A: Karachi is a city in modern-day Pakistan.
Krokola was an ancient port located in what is now Karachi.
Alexander the Great stationed his fleet in Krokola on his way to Babylon.
#### No. (Label: -1.0)

--------------------

Q: Could the Dominican Order hypothetically defeat Blessed Gerard's order?

A: The Dominican Order is a Catholic religious order founded in the early 13th century, known for its emphasis on preaching and teaching. (Label: -1.0)

--------------------

Q: Could the Dominican Order hypothetically defeat Blessed Gerard's order?

A: The Dominican Order is a Catholic religious order founded in the early 13th century, known for its emphasis on preaching and teaching.
The Order of Blessed Gerard, also known as the Knights Hospitaller, was established in the 11th century to provide care for sick and injured pilgrims in the Holy Land. (Label: -1.0)

--------------------

Q: Could the Dominican Order hypothetically defeat Blessed Gerard's order?

A: The Dominican Order is a Catholic religious order founded in the early 13th century, known for its emphasis on preaching and teaching.
The Order of Blessed Gerard, also known as the Knights Hospitaller, was established in the 11th century to provide care for sick and injured pilgrims in the Holy Land.
The Dominican Order and the Knights Hospitaller have different missions and historical contexts. (Label: -1.0)

--------------------

Q: Could someone with fine motor control issues benefit from an altered keyboard layout?

A: A: Fine motor control issues can make it difficult for individuals to use standard keyboard layouts effectively. (Label: -1.0)

--------------------

Q: Could someone with fine motor control issues benefit from an altered keyboard layout?

A: A: Fine motor control issues can make it difficult for individuals to use standard keyboard layouts effectively.
An altered keyboard layout can be designed to accommodate individuals with fine motor control issues by providing larger keys or a more ergonomic arrangement. (Label: -1.0)

--------------------

Q: Could someone with fine motor control issues benefit from an altered keyboard layout?

A: A: Fine motor control issues can make it difficult for individuals to use standard keyboard layouts effectively.
An altered keyboard layout can be designed to accommodate individuals with fine motor control issues by providing larger keys or a more ergonomic arrangement.
This can help reduce the strain and improve accessibility for those individuals. (Label: -1.0)

--------------------

Q: Could someone with fine motor control issues benefit from an altered keyboard layout?

A: A: Fine motor control issues can make it difficult for individuals to use standard keyboard layouts effectively.
An altered keyboard layout can be designed to accommodate individuals with fine motor control issues by providing larger keys or a more ergonomic arrangement.
This can help reduce the strain and improve accessibility for those individuals.
#### No. (Label: -1.0)

--------------------

Q: Was Mother Theresa a follower of atheism?

A: Mother Teresa was a Roman Catholic nun and missionary. (Label: -1.0)

--------------------

Q: Was Mother Theresa a follower of atheism?

A: Mother Teresa was a Roman Catholic nun and missionary.
She dedicated her life to serving the poor and sick, following the teachings of Christianity. (Label: -1.0)

--------------------

Q: Was Mother Theresa a follower of atheism?

A: Mother Teresa was a Roman Catholic nun and missionary.
She dedicated her life to serving the poor and sick, following the teachings of Christianity.
She was known for her strong faith and belief in God. (Label: -1.0)

--------------------

Q: Are all types of pottery safe to cook in?

A: A: Pottery can be made from various materials, including earthenware, stoneware, and porcelain. (Label: -1.0)

--------------------

Q: Are all types of pottery safe to cook in?

A: A: Pottery can be made from various materials, including earthenware, stoneware, and porcelain.
Different types of pottery have different properties and safety standards. (Label: -1.0)

--------------------

Q: Are all types of pottery safe to cook in?

A: A: Pottery can be made from various materials, including earthenware, stoneware, and porcelain.
Different types of pottery have different properties and safety standards.
Some pottery is specifically designed for cooking and is safe to use in ovens and microwaves, while others may contain harmful materials or glazes that can leach into food when heated. (Label: -1.0)

--------------------

Q: Is Edgar Allan Poe obscure in the world of horror fiction?

A: Edgar Allan Poe is a well-known American writer and poet. (Label: -1.0)

--------------------

Q: Is Edgar Allan Poe obscure in the world of horror fiction?

A: Edgar Allan Poe is a well-known American writer and poet.
He is often regarded as a pioneer of the horror genre. (Label: -1.0)

--------------------

Q: Is Edgar Allan Poe obscure in the world of horror fiction?

A: Edgar Allan Poe is a well-known American writer and poet.
He is often regarded as a pioneer of the horror genre.
He is famous for works such as "The Tell-Tale Heart" and "The Raven.". (Label: -1.0)

--------------------

Q: Is Edgar Allan Poe obscure in the world of horror fiction?

A: Edgar Allan Poe is a well-known American writer and poet.
He is often regarded as a pioneer of the horror genre.
He is famous for works such as "The Tell-Tale Heart" and "The Raven.".
#### Yes. (Label: -1.0)

--------------------

Q: Are rainbows devoid of color made by mixing yin and yang colors?

A: A: Rainbows are optical and meteorological phenomena that result from the refraction, dispersion, and reflection of light in water droplets, creating a spectrum of colors in the sky. (Label: -1.0)

--------------------

Q: Are rainbows devoid of color made by mixing yin and yang colors?

A: A: Rainbows are optical and meteorological phenomena that result from the refraction, dispersion, and reflection of light in water droplets, creating a spectrum of colors in the sky.
Rainbows are typically composed of a spectrum of colors, including red, orange, yellow, green, blue, indigo, and violet. (Label: -1.0)

--------------------

Q: Are rainbows devoid of color made by mixing yin and yang colors?

A: A: Rainbows are optical and meteorological phenomena that result from the refraction, dispersion, and reflection of light in water droplets, creating a spectrum of colors in the sky.
Rainbows are typically composed of a spectrum of colors, including red, orange, yellow, green, blue, indigo, and violet.
The concept of yin and yang originates from Chinese philosophy and represents dualism, where opposite forces are interconnected and interdependent. (Label: -1.0)

--------------------

Q: Are rainbows devoid of color made by mixing yin and yang colors?

A: A: Rainbows are optical and meteorological phenomena that result from the refraction, dispersion, and reflection of light in water droplets, creating a spectrum of colors in the sky.
Rainbows are typically composed of a spectrum of colors, including red, orange, yellow, green, blue, indigo, and violet.
The concept of yin and yang originates from Chinese philosophy and represents dualism, where opposite forces are interconnected and interdependent.
#### No. (Label: -1.0)

--------------------

Q: Could a cow produce Harvey Milk?

A: A: Harvey Milk was a prominent gay rights activist and politician who served on the San Francisco Board of Supervisors. (Label: -1.0)

--------------------

Q: Could a cow produce Harvey Milk?

A: A: Harvey Milk was a prominent gay rights activist and politician who served on the San Francisco Board of Supervisors.
A: Harvey Milk is not a product that can be produced; he was a human being. (Label: -1.0)

--------------------

Q: Could a cow produce Harvey Milk?

A: A: Harvey Milk was a prominent gay rights activist and politician who served on the San Francisco Board of Supervisors.
A: Harvey Milk is not a product that can be produced; he was a human being.
A: Cows are animals that produce milk, which is a dairy product. (Label: -1.0)

--------------------

Q: Can a woman on average have a baby before wheat seed blooms?

A: A: The average human gestation period for a woman is about 9 months (approximately 40 weeks). (Label: -1.0)

--------------------

Q: Can a woman on average have a baby before wheat seed blooms?

A: A: The average human gestation period for a woman is about 9 months (approximately 40 weeks).
Wheat typically takes about 4 to 6 months to grow from seed to harvest, depending on the variety and growing conditions. (Label: -1.0)

--------------------

Q: Can a woman on average have a baby before wheat seed blooms?

A: A: The average human gestation period for a woman is about 9 months (approximately 40 weeks).
Wheat typically takes about 4 to 6 months to grow from seed to harvest, depending on the variety and growing conditions.
To determine if a woman can have a baby before wheat seed blooms, we need to compare the average gestation period of a woman with the growth period of wheat. (Label: -1.0)

--------------------

Q: Would Felicity Huffman vote for Mike DeWine?

A: Felicity Huffman is an American actress known for her work in television and film. (Label: -1.0)

--------------------

Q: Would Felicity Huffman vote for Mike DeWine?

A: Felicity Huffman is an American actress known for her work in television and film.
Felicity Huffman is known for her political views, but there is no public record of her endorsing or voting for specific candidates like Mike DeWine. (Label: -1.0)

--------------------

Q: Would Felicity Huffman vote for Mike DeWine?

A: Felicity Huffman is an American actress known for her work in television and film.
Felicity Huffman is known for her political views, but there is no public record of her endorsing or voting for specific candidates like Mike DeWine.
Mike DeWine is a Republican politician and the current governor of Ohio. (Label: -1.0)

--------------------

Q: Would it be common to find a penguin in Miami?

A: A: Penguins are primarily found in the Southern Hemisphere, especially in Antarctica and surrounding islands. (Label: -1.0)

--------------------

Q: Would it be common to find a penguin in Miami?

A: A: Penguins are primarily found in the Southern Hemisphere, especially in Antarctica and surrounding islands.
Most species of penguins are adapted to cold climates and are not native to tropical regions. (Label: -1.0)

--------------------

Q: Would it be common to find a penguin in Miami?

A: A: Penguins are primarily found in the Southern Hemisphere, especially in Antarctica and surrounding islands.
Most species of penguins are adapted to cold climates and are not native to tropical regions.
In Miami, the climate is tropical and warm, which is not suitable for penguins. (Label: -1.0)

--------------------

Q: Is sunscreen unhelpful for the condition that killed Bob Marley?

A: A: Bob Marley died from complications related to melanoma, a type of skin cancer. (Label: -1.0)

--------------------

Q: Is sunscreen unhelpful for the condition that killed Bob Marley?

A: A: Bob Marley died from complications related to melanoma, a type of skin cancer.
Melanoma is a serious form of skin cancer that can be influenced by sun exposure. (Label: -1.0)

--------------------

Q: Is sunscreen unhelpful for the condition that killed Bob Marley?

A: A: Bob Marley died from complications related to melanoma, a type of skin cancer.
Melanoma is a serious form of skin cancer that can be influenced by sun exposure.
Sunscreen is designed to protect the skin from harmful UV rays, which can contribute to the development of skin cancer, including melanoma. (Label: -1.0)

--------------------

Q: Is sunscreen unhelpful for the condition that killed Bob Marley?

A: A: Bob Marley died from complications related to melanoma, a type of skin cancer.
Melanoma is a serious form of skin cancer that can be influenced by sun exposure.
Sunscreen is designed to protect the skin from harmful UV rays, which can contribute to the development of skin cancer, including melanoma.
#### No. (Label: -1.0)

--------------------

Q: Was P. G. Wodehouse's favorite book The Hunger Games?

A: P. (Label: -1.0)

--------------------

Q: Was P. G. Wodehouse's favorite book The Hunger Games?

A: P.
G. (Label: -1.0)

--------------------

Q: Was P. G. Wodehouse's favorite book The Hunger Games?

A: P.
G.
Wodehouse was a British author known for his humorous novels and stories. (Label: -1.0)

--------------------

Q: Does Alec Baldwin have more children than Clint Eastwood?

A: Alec Baldwin has a total of 7 children. (Label: -1.0)

--------------------

Q: Does Alec Baldwin have more children than Clint Eastwood?

A: Alec Baldwin has a total of 7 children.
Clint Eastwood has a total of 8 children. (Label: -1.0)

--------------------

Q: Does Alec Baldwin have more children than Clint Eastwood?

A: Alec Baldwin has a total of 7 children.
Clint Eastwood has a total of 8 children.
A: To compare the number of children, we note that Alec Baldwin has 7 children. (Label: -1.0)

--------------------

Q: Does Alec Baldwin have more children than Clint Eastwood?

A: Alec Baldwin has a total of 7 children.
Clint Eastwood has a total of 8 children.
A: To compare the number of children, we note that Alec Baldwin has 7 children.
#### Yes. (Label: -1.0)

--------------------

Q: Does Capricorn astrology symbol have all of the parts of a chimera?

A: Capricorn is represented by a sea-goat, which is a creature with the front half of a goat and the tail of a fish. (Label: -1.0)

--------------------

Q: Does Capricorn astrology symbol have all of the parts of a chimera?

A: Capricorn is represented by a sea-goat, which is a creature with the front half of a goat and the tail of a fish.
A: A chimera is a mythological creature that typically has parts from multiple animals, often depicted with a lion's head, a goat's body, and a serpent's tail. (Label: -1.0)

--------------------

Q: Does Capricorn astrology symbol have all of the parts of a chimera?

A: Capricorn is represented by a sea-goat, which is a creature with the front half of a goat and the tail of a fish.
A: A chimera is a mythological creature that typically has parts from multiple animals, often depicted with a lion's head, a goat's body, and a serpent's tail.
A: The sea-goat, representing Capricorn, does not include all the parts of a chimera. (Label: -1.0)

--------------------

Q: Can a strawberry get worms similar to dogs?

A: A: Strawberries are a type of fruit that grows on plants. (Label: -1.0)

--------------------

Q: Can a strawberry get worms similar to dogs?

A: A: Strawberries are a type of fruit that grows on plants.
Strawberries are not animals; they are plants. (Label: -1.0)

--------------------

Q: Can a strawberry get worms similar to dogs?

A: A: Strawberries are a type of fruit that grows on plants.
Strawberries are not animals; they are plants.
Worms are typically associated with animals, particularly invertebrates like dogs, which can have parasites. (Label: -1.0)

--------------------

Q: Can a strawberry get worms similar to dogs?

A: A: Strawberries are a type of fruit that grows on plants.
Strawberries are not animals; they are plants.
Worms are typically associated with animals, particularly invertebrates like dogs, which can have parasites.
#### No. (Label: -1.0)

--------------------

Q: Can a sea turtle play tennis using a tennis racket?

A: A: Sea turtles are marine reptiles that live in the ocean. (Label: -1.0)

--------------------

Q: Can a sea turtle play tennis using a tennis racket?

A: A: Sea turtles are marine reptiles that live in the ocean.
Sea turtles do not have the physical capability to hold or use a tennis racket. (Label: -1.0)

--------------------

Q: Can a sea turtle play tennis using a tennis racket?

A: A: Sea turtles are marine reptiles that live in the ocean.
Sea turtles do not have the physical capability to hold or use a tennis racket.
They lack the necessary limbs and dexterity to manipulate objects like humans do. (Label: -1.0)

--------------------

Q: Would the average American family find Adam Sandler's home to be too small?

A: Adam Sandler is a well-known actor and comedian. (Label: -1.0)

--------------------

Q: Would the average American family find Adam Sandler's home to be too small?

A: Adam Sandler is a well-known actor and comedian.
Adam Sandler is known for his successful career in film and television. (Label: -1.0)

--------------------

Q: Would the average American family find Adam Sandler's home to be too small?

A: Adam Sandler is a well-known actor and comedian.
Adam Sandler is known for his successful career in film and television.
Adam Sandler has a large home in Los Angeles, California. (Label: -1.0)

--------------------

Q: Would the average American family find Adam Sandler's home to be too small?

A: Adam Sandler is a well-known actor and comedian.
Adam Sandler is known for his successful career in film and television.
Adam Sandler has a large home in Los Angeles, California.
#### Yes. (Label: -1.0)

--------------------

Q: Would a packed Wembley stadium be likely to have a descendant of the Mongols inside?

A: A: Wembley Stadium is located in London, England, and is primarily used for football matches and other events. (Label: -1.0)

--------------------

Q: Would a packed Wembley stadium be likely to have a descendant of the Mongols inside?

A: A: Wembley Stadium is located in London, England, and is primarily used for football matches and other events.
The Mongol Empire existed from the 13th to the 14th century, and its descendants would be people of Mongolian descent or those who can trace their ancestry back to the Mongol tribes. (Label: -1.0)

--------------------

Q: Would a packed Wembley stadium be likely to have a descendant of the Mongols inside?

A: A: Wembley Stadium is located in London, England, and is primarily used for football matches and other events.
The Mongol Empire existed from the 13th to the 14th century, and its descendants would be people of Mongolian descent or those who can trace their ancestry back to the Mongol tribes.
The population of modern London is diverse, with many ethnicities and backgrounds represented. (Label: -1.0)

--------------------

Q: Would a packed Wembley stadium be likely to have a descendant of the Mongols inside?

A: A: Wembley Stadium is located in London, England, and is primarily used for football matches and other events.
The Mongol Empire existed from the 13th to the 14th century, and its descendants would be people of Mongolian descent or those who can trace their ancestry back to the Mongol tribes.
The population of modern London is diverse, with many ethnicities and backgrounds represented.
#### No. (Label: -1.0)

--------------------

Q: Would you spend less on your food at Aldi than at Whole Foods?

A: A: Aldi is known for its low prices and budget-friendly grocery options. (Label: -1.0)

--------------------

Q: Would you spend less on your food at Aldi than at Whole Foods?

A: A: Aldi is known for its low prices and budget-friendly grocery options.
A: Whole Foods is known for its higher prices and premium organic products. (Label: -1.0)

--------------------

Q: Would you spend less on your food at Aldi than at Whole Foods?

A: A: Aldi is known for its low prices and budget-friendly grocery options.
A: Whole Foods is known for its higher prices and premium organic products.
A: Many consumers report that shopping at Aldi typically results in lower grocery bills compared to shopping at Whole Foods. (Label: -1.0)

--------------------

Q: Would you spend less on your food at Aldi than at Whole Foods?

A: A: Aldi is known for its low prices and budget-friendly grocery options.
A: Whole Foods is known for its higher prices and premium organic products.
A: Many consumers report that shopping at Aldi typically results in lower grocery bills compared to shopping at Whole Foods.
#### No. (Label: -1.0)

--------------------

Q: Did Francois Mitterrand ever meet Barak Obama while they both held the position of President?

A: Francois Mitterrand was the President of France from 1981 to 1995. (Label: -1.0)

--------------------

Q: Did Francois Mitterrand ever meet Barak Obama while they both held the position of President?

A: Francois Mitterrand was the President of France from 1981 to 1995.
Barack Obama was the President of the United States from 2009 to 2017. (Label: -1.0)

--------------------

Q: Did Francois Mitterrand ever meet Barak Obama while they both held the position of President?

A: Francois Mitterrand was the President of France from 1981 to 1995.
Barack Obama was the President of the United States from 2009 to 2017.
Francois Mitterrand's presidency ended in 1995, while Barack Obama's presidency began in 2009. Therefore, they were never in office at the same time. (Label: -1.0)

--------------------

Q: Can you watch Rick and Morty in Mariana Trench?

A: The Mariana Trench is the deepest part of the world's oceans, located in the western Pacific Ocean. (Label: -1.0)

--------------------

Q: Can you watch Rick and Morty in Mariana Trench?

A: The Mariana Trench is the deepest part of the world's oceans, located in the western Pacific Ocean.
It is an underwater location and does not have facilities for watching television or streaming shows. (Label: -1.0)

--------------------

Q: Can you watch Rick and Morty in Mariana Trench?

A: The Mariana Trench is the deepest part of the world's oceans, located in the western Pacific Ocean.
It is an underwater location and does not have facilities for watching television or streaming shows.
#### No. (Label: -1.0)

--------------------

Q: Did Easy Rider make a profit at the theater when it was released?

A: Easy Rider was released in 1969. (Label: -1.0)

--------------------

Q: Did Easy Rider make a profit at the theater when it was released?

A: Easy Rider was released in 1969.
Easy Rider was produced on a budget of approximately $400,000. (Label: -1.0)

--------------------

Q: Did Easy Rider make a profit at the theater when it was released?

A: Easy Rider was released in 1969.
Easy Rider was produced on a budget of approximately $400,000.
Easy Rider grossed over $60 million at the box office during its theatrical run. (Label: -1.0)

--------------------

Q: Can sunlight travel to the deepest part of the Black Sea?

A: The Black Sea has a maximum depth of about 2,212 meters (7,257 feet). (Label: -1.0)

--------------------

Q: Can sunlight travel to the deepest part of the Black Sea?

A: The Black Sea has a maximum depth of about 2,212 meters (7,257 feet).
Sunlight can penetrate water to a certain depth, but its intensity decreases with depth. (Label: -1.0)

--------------------

Q: Can sunlight travel to the deepest part of the Black Sea?

A: The Black Sea has a maximum depth of about 2,212 meters (7,257 feet).
Sunlight can penetrate water to a certain depth, but its intensity decreases with depth.
The maximum depth of the Black Sea is significant, and studies show that sunlight can only penetrate to about 200 meters (656 feet) in clear water. (Label: -1.0)

--------------------

Q: Can sunlight travel to the deepest part of the Black Sea?

A: The Black Sea has a maximum depth of about 2,212 meters (7,257 feet).
Sunlight can penetrate water to a certain depth, but its intensity decreases with depth.
The maximum depth of the Black Sea is significant, and studies show that sunlight can only penetrate to about 200 meters (656 feet) in clear water.
#### Yes. (Label: -1.0)

--------------------

Q: Has Oscar Wilde's most famous character ever been in an Eva Green project?

A: Oscar Wilde is known for his play "The Importance of Being Earnest," which features the character Jack Worthing. (Label: -1.0)

--------------------

Q: Has Oscar Wilde's most famous character ever been in an Eva Green project?

A: Oscar Wilde is known for his play "The Importance of Being Earnest," which features the character Jack Worthing.
Jack Worthing is a prominent character in Oscar Wilde's works, particularly in "The Importance of Being Earnest." Eva Green is a French actress known for her roles in various films and television series. (Label: -1.0)

--------------------

Q: Has Oscar Wilde's most famous character ever been in an Eva Green project?

A: Oscar Wilde is known for his play "The Importance of Being Earnest," which features the character Jack Worthing.
Jack Worthing is a prominent character in Oscar Wilde's works, particularly in "The Importance of Being Earnest." Eva Green is a French actress known for her roles in various films and television series.
To determine if Oscar Wilde's most famous character has ever been in an Eva Green project, we need to identify the character and check Eva Green's filmography. (Label: -1.0)

--------------------

Q: Has Oscar Wilde's most famous character ever been in an Eva Green project?

A: Oscar Wilde is known for his play "The Importance of Being Earnest," which features the character Jack Worthing.
Jack Worthing is a prominent character in Oscar Wilde's works, particularly in "The Importance of Being Earnest." Eva Green is a French actress known for her roles in various films and television series.
To determine if Oscar Wilde's most famous character has ever been in an Eva Green project, we need to identify the character and check Eva Green's filmography.
#### No. (Label: -1.0)

--------------------

Q: Has Elon Musk's hairline changed?

A: Elon Musk is a well-known entrepreneur and CEO of companies like Tesla and SpaceX. (Label: -1.0)

--------------------

Q: Has Elon Musk's hairline changed?

A: Elon Musk is a well-known entrepreneur and CEO of companies like Tesla and SpaceX.
Elon Musk has been in the public eye for many years. (Label: -1.0)

--------------------

Q: Has Elon Musk's hairline changed?

A: Elon Musk is a well-known entrepreneur and CEO of companies like Tesla and SpaceX.
Elon Musk has been in the public eye for many years.
There are numerous photos and videos of Elon Musk from different points in time. (Label: -1.0)

--------------------

Q: Has Elon Musk's hairline changed?

A: Elon Musk is a well-known entrepreneur and CEO of companies like Tesla and SpaceX.
Elon Musk has been in the public eye for many years.
There are numerous photos and videos of Elon Musk from different points in time.
#### No. (Label: -1.0)

--------------------

Q: Do depressed people travel to the Golden Gate Bridge often?

A: Depressed people may seek out places that resonate with their feelings or provide a sense of solitude. (Label: -1.0)

--------------------

Q: Do depressed people travel to the Golden Gate Bridge often?

A: Depressed people may seek out places that resonate with their feelings or provide a sense of solitude.
The Golden Gate Bridge is a well-known landmark in San Francisco, California. (Label: -1.0)

--------------------

Q: Do depressed people travel to the Golden Gate Bridge often?

A: Depressed people may seek out places that resonate with their feelings or provide a sense of solitude.
The Golden Gate Bridge is a well-known landmark in San Francisco, California.
It is a popular tourist destination, attracting many visitors, including those who may be feeling depressed. (Label: -1.0)

--------------------

Q: Do depressed people travel to the Golden Gate Bridge often?

A: Depressed people may seek out places that resonate with their feelings or provide a sense of solitude.
The Golden Gate Bridge is a well-known landmark in San Francisco, California.
It is a popular tourist destination, attracting many visitors, including those who may be feeling depressed.
#### No. (Label: -1.0)

--------------------

Q: Could a markhor give birth three times in a single year?

A: A: The markhor is a species of wild goat found in Central Asia and the Himalayas. (Label: -1.0)

--------------------

Q: Could a markhor give birth three times in a single year?

A: A: The markhor is a species of wild goat found in Central Asia and the Himalayas.
The markhor typically has a gestation period of about 5 to 6 months. (Label: -1.0)

--------------------

Q: Could a markhor give birth three times in a single year?

A: A: The markhor is a species of wild goat found in Central Asia and the Himalayas.
The markhor typically has a gestation period of about 5 to 6 months.
The markhor usually gives birth to one kid at a time. (Label: -1.0)

--------------------

Q: Will Tokyo Tower be repainted only once during President Trump's first term?

A: Tokyo Tower is a communications and observation tower located in Tokyo, Japan. (Label: -1.0)

--------------------

Q: Will Tokyo Tower be repainted only once during President Trump's first term?

A: Tokyo Tower is a communications and observation tower located in Tokyo, Japan.
Tokyo Tower was completed in 1958 and has undergone several repainting processes since then. (Label: -1.0)

--------------------

Q: Will Tokyo Tower be repainted only once during President Trump's first term?

A: Tokyo Tower is a communications and observation tower located in Tokyo, Japan.
Tokyo Tower was completed in 1958 and has undergone several repainting processes since then.
Repainting of Tokyo Tower is typically done every five years to maintain its appearance and protect it from the elements. (Label: -1.0)


